<<< LOGFILE::streamBegin@13.10.2022 >>>
<<< LOGFILE::streamBegin@13.10.2022 >>>
<<< LOGFILE::streamBegin@13.10.2022 >>>
<<< LOGFILE::streamBegin@13.10.2022 >>>
13.10.2022, 17:59:06 TEST:    test
13.10.2022, 17:59:06 TEST:    test
13.10.2022, 17:59:06 TEST:    test
13.10.2022, 17:59:06 TEST:    test
13.10.2022, 17:59:06 TEST:    test
